// Jest Snapshot v1, https://goo.gl/fbAQLP

exports[`component rendering renders correctly 1`] = `ReactWrapper {}`;
